Last login: Wed Nov 29 14:04:44 on ttys000
alexanderyueliu@Alexs-MacBook-Pro ~ % source /opt/homebrew/share/zsh-syntax-highlighting/zsh-syntax-highlighting.zsh

alexanderyueliu@Alexs-MacBook-Pro ~ % source /opt/homebrew/share/zsh-syntax-highlighting/zsh-syntax-highlighting.zsh

alexanderyueliu@Alexs-MacBook-Pro ~ % 
alexanderyueliu@Alexs-MacBook-Pro ~ % 
alexanderyueliu@Alexs-MacBook-Pro ~ % 
alexanderyueliu@Alexs-MacBook-Pro ~ % 
alexanderyueliu@Alexs-MacBook-Pro ~ % cd Downloads 
alexanderyueliu@Alexs-MacBook-Pro Downloads % ls
185795 + pEF1a.dna
185795 + pEF1a.zip
2023_BGGN206A_Problem_Set_5_doc.pdf
RStudio-2023.12.0-daily-343.dmg
ScienceDirect_files_22Nov2023_03-46-07.867.zip
Tsai et al. 2023 - ScienceDirect_files_22Nov2023_03-46-07.867
Tsai et al. 2023 - ScienceDirect_files_22Nov2023_03-46-07.867.zip
a04be63f5e0856daa594702299c13160-dd2499198fd1f5e1373167769f7da28a7e1a2152
a04be63f5e0856daa594702299c13160-dd2499198fd1f5e1373167769f7da28a7e1a2152.zip
addgene-185795.dna
addgene-185795.zip
bioinf_alexanderyliu.pem
pMCB304_pMN2072(pGL429-pEF5_BlastR-T2A-GFP_Hyg, with annotation).dna
pMCB304_pMN2072(pGL429-pEF5_BlastR-T2A-GFP_Hyg, with annotation).zip
alexanderyueliu@Alexs-MacBook-Pro Downloads % chmod 400 bioinf_alexanderyliu.pem 
alexanderyueliu@Alexs-MacBook-Pro Downloads % ssh -i "bioinf_alexanderyliu.pem" ubuntu@ec2-34-216-186-139.us-west-2.compute.amazonaws.com
The authenticity of host 'ec2-34-216-186-139.us-west-2.compute.amazonaws.com (34.216.186.139)' can't be established.
ED25519 key fingerprint is SHA256:ys7UMvyi82/3v7Rl4bHt9gs/gTW61Ji/VBBQkTQz+54.
This key is not known by any other names.
Are you sure you want to continue connecting (yes/no/[fingerprint])? yes
Warning: Permanently added 'ec2-34-216-186-139.us-west-2.compute.amazonaws.com' (ED25519) to the list of known hosts.
Welcome to Ubuntu 22.04.3 LTS (GNU/Linux 6.2.0-1012-aws x86_64)

 * Documentation:  https://help.ubuntu.com
 * Management:     https://landscape.canonical.com
 * Support:        https://ubuntu.com/advantage

  System information as of Wed Nov 29 22:19:57 UTC 2023

  System load:  0.08154296875     Processes:             164
  Usage of /:   5.4% of 28.89GB   Users logged in:       0
  Memory usage: 0%                IPv4 address for ens5: 172.31.23.99
  Swap usage:   0%

Expanded Security Maintenance for Applications is not enabled.

0 updates can be applied immediately.

Enable ESM Apps to receive additional future security updates.
See https://ubuntu.com/esm or run: sudo pro status


The list of available updates is more than a week old.
To check for new updates run: sudo apt update


The programs included with the Ubuntu system are free software;
the exact distribution terms for each program are described in the
individual files in /usr/share/doc/*/copyright.

Ubuntu comes with ABSOLUTELY NO WARRANTY, to the extent permitted by
applicable law.

To run a command as administrator (user "root"), use "sudo <command>".
See "man sudo_root" for details.

ubuntu@ip-172-31-23-99:~$ sudo apt-get update  
sudo apt-get -y install ncbi-blast+
Hit:1 http://us-west-2.ec2.archive.ubuntu.com/ubuntu jammy InRelease
Get:2 http://us-west-2.ec2.archive.ubuntu.com/ubuntu jammy-updates InRelease [119 kB]
Get:3 http://us-west-2.ec2.archive.ubuntu.com/ubuntu jammy-backports InRelease [109 kB]
Get:4 http://us-west-2.ec2.archive.ubuntu.com/ubuntu jammy/universe amd64 Packages [14.1 MB]
Get:5 http://security.ubuntu.com/ubuntu jammy-security InRelease [110 kB]
Get:6 http://us-west-2.ec2.archive.ubuntu.com/ubuntu jammy/universe Translation-en [5652 kB]
Get:7 http://security.ubuntu.com/ubuntu jammy-security/main amd64 Packages [1002 kB]        
Get:8 http://us-west-2.ec2.archive.ubuntu.com/ubuntu jammy/universe amd64 c-n-f Metadata [286 kB]
Get:9 http://us-west-2.ec2.archive.ubuntu.com/ubuntu jammy/multiverse amd64 Packages [217 kB]
Get:10 http://us-west-2.ec2.archive.ubuntu.com/ubuntu jammy/multiverse Translation-en [112 kB]
Get:11 http://us-west-2.ec2.archive.ubuntu.com/ubuntu jammy/multiverse amd64 c-n-f Metadata [8372 B]
Get:12 http://us-west-2.ec2.archive.ubuntu.com/ubuntu jammy-updates/main amd64 Packages [1212 kB]
Get:13 http://us-west-2.ec2.archive.ubuntu.com/ubuntu jammy-updates/main Translation-en [253 kB]
Get:14 http://us-west-2.ec2.archive.ubuntu.com/ubuntu jammy-updates/main amd64 c-n-f Metadata [16.1 kB]
Get:15 http://us-west-2.ec2.archive.ubuntu.com/ubuntu jammy-updates/restricted amd64 Packages [1185 kB]
Get:16 http://us-west-2.ec2.archive.ubuntu.com/ubuntu jammy-updates/restricted Translation-en [192 kB]
Get:17 http://us-west-2.ec2.archive.ubuntu.com/ubuntu jammy-updates/restricted amd64 c-n-f Metadata [520 B]
Get:18 http://us-west-2.ec2.archive.ubuntu.com/ubuntu jammy-updates/universe amd64 Packages [1008 kB]
Get:19 http://us-west-2.ec2.archive.ubuntu.com/ubuntu jammy-updates/universe Translation-en [224 kB]
Get:20 http://us-west-2.ec2.archive.ubuntu.com/ubuntu jammy-updates/universe amd64 c-n-f Metadata [22.1 kB]
Get:21 http://us-west-2.ec2.archive.ubuntu.com/ubuntu jammy-updates/multiverse amd64 Packages [41.6 kB]
Get:22 http://us-west-2.ec2.archive.ubuntu.com/ubuntu jammy-updates/multiverse Translation-en [9768 B]
Get:23 http://us-west-2.ec2.archive.ubuntu.com/ubuntu jammy-updates/multiverse amd64 c-n-f Metadata [472 B]
Get:24 http://us-west-2.ec2.archive.ubuntu.com/ubuntu jammy-backports/main amd64 Packages [64.2 kB]
Get:25 http://us-west-2.ec2.archive.ubuntu.com/ubuntu jammy-backports/main Translation-en [10.5 kB]
Get:26 http://us-west-2.ec2.archive.ubuntu.com/ubuntu jammy-backports/main amd64 c-n-f Metadata [388 B]
Get:27 http://us-west-2.ec2.archive.ubuntu.com/ubuntu jammy-backports/restricted amd64 c-n-f Metadata [116 B]
Get:28 http://us-west-2.ec2.archive.ubuntu.com/ubuntu jammy-backports/universe amd64 Packages [27.8 kB]
Get:29 http://us-west-2.ec2.archive.ubuntu.com/ubuntu jammy-backports/universe Translation-en [16.5 kB]
Get:30 http://us-west-2.ec2.archive.ubuntu.com/ubuntu jammy-backports/universe amd64 c-n-f Metadata [644 B]
Get:31 http://us-west-2.ec2.archive.ubuntu.com/ubuntu jammy-backports/multiverse amd64 c-n-f Metadata [116 B]
Get:32 http://security.ubuntu.com/ubuntu jammy-security/main Translation-en [193 kB]        
Get:33 http://security.ubuntu.com/ubuntu jammy-security/main amd64 c-n-f Metadata [11.4 kB]
Get:34 http://security.ubuntu.com/ubuntu jammy-security/restricted amd64 Packages [1164 kB]
Get:35 http://security.ubuntu.com/ubuntu jammy-security/restricted Translation-en [189 kB]
Get:36 http://security.ubuntu.com/ubuntu jammy-security/restricted amd64 c-n-f Metadata [520 B]
Get:37 http://security.ubuntu.com/ubuntu jammy-security/universe amd64 Packages [807 kB]
Get:38 http://security.ubuntu.com/ubuntu jammy-security/universe Translation-en [150 kB]
Get:39 http://security.ubuntu.com/ubuntu jammy-security/universe amd64 c-n-f Metadata [16.8 kB]
Get:40 http://security.ubuntu.com/ubuntu jammy-security/multiverse amd64 Packages [36.5 kB]
Get:41 http://security.ubuntu.com/ubuntu jammy-security/multiverse Translation-en [7060 B]
Get:42 http://security.ubuntu.com/ubuntu jammy-security/multiverse amd64 c-n-f Metadata [260 B]
Fetched 28.6 MB in 4s (8046 kB/s)                              
Reading package lists... Done
Reading package lists... Done
Building dependency tree... Done
Reading state information... Done
The following additional packages will be installed:
  libgomp1 libmbedcrypto7 libmbedtls14 libmbedx509-1 ncbi-data
The following NEW packages will be installed:
  libgomp1 libmbedcrypto7 libmbedtls14 libmbedx509-1 ncbi-blast+ ncbi-data
0 upgraded, 6 newly installed, 0 to remove and 71 not upgraded.
Need to get 16.3 MB of archives.
After this operation, 73.1 MB of additional disk space will be used.
Get:1 http://us-west-2.ec2.archive.ubuntu.com/ubuntu jammy-updates/main amd64 libgomp1 amd64 12.3.0-1ubuntu1~22.04 [126 kB]
Get:2 http://us-west-2.ec2.archive.ubuntu.com/ubuntu jammy/universe amd64 libmbedcrypto7 amd64 2.28.0-1build1 [204 kB]
Get:3 http://us-west-2.ec2.archive.ubuntu.com/ubuntu jammy/universe amd64 libmbedx509-1 amd64 2.28.0-1build1 [47.2 kB]
Get:4 http://us-west-2.ec2.archive.ubuntu.com/ubuntu jammy/universe amd64 libmbedtls14 amd64 2.28.0-1build1 [82.7 kB]
Get:5 http://us-west-2.ec2.archive.ubuntu.com/ubuntu jammy/universe amd64 ncbi-data all 6.1.20170106+dfsg1-9 [3519 kB]
Get:6 http://us-west-2.ec2.archive.ubuntu.com/ubuntu jammy/universe amd64 ncbi-blast+ amd64 2.12.0+ds-3build1 [12.3 MB]
Fetched 16.3 MB in 1s (22.9 MB/s)    
Selecting previously unselected package libgomp1:amd64.
(Reading database ... 64726 files and directories currently installed.)
Preparing to unpack .../0-libgomp1_12.3.0-1ubuntu1~22.04_amd64.deb ...
Unpacking libgomp1:amd64 (12.3.0-1ubuntu1~22.04) ...
Selecting previously unselected package libmbedcrypto7:amd64.
Preparing to unpack .../1-libmbedcrypto7_2.28.0-1build1_amd64.deb ...
Unpacking libmbedcrypto7:amd64 (2.28.0-1build1) ...
Selecting previously unselected package libmbedx509-1:amd64.
Preparing to unpack .../2-libmbedx509-1_2.28.0-1build1_amd64.deb ...
Unpacking libmbedx509-1:amd64 (2.28.0-1build1) ...
Selecting previously unselected package libmbedtls14:amd64.
Preparing to unpack .../3-libmbedtls14_2.28.0-1build1_amd64.deb ...
Unpacking libmbedtls14:amd64 (2.28.0-1build1) ...
Selecting previously unselected package ncbi-data.
Preparing to unpack .../4-ncbi-data_6.1.20170106+dfsg1-9_all.deb ...
Unpacking ncbi-data (6.1.20170106+dfsg1-9) ...
Selecting previously unselected package ncbi-blast+.
Preparing to unpack .../5-ncbi-blast+_2.12.0+ds-3build1_amd64.deb ...
Unpacking ncbi-blast+ (2.12.0+ds-3build1) ...
Setting up ncbi-data (6.1.20170106+dfsg1-9) ...
Setting up libgomp1:amd64 (12.3.0-1ubuntu1~22.04) ...
Setting up libmbedcrypto7:amd64 (2.28.0-1build1) ...
Setting up libmbedx509-1:amd64 (2.28.0-1build1) ...
Setting up libmbedtls14:amd64 (2.28.0-1build1) ...
Setting up ncbi-blast+ (2.12.0+ds-3build1) ...
Processing triggers for man-db (2.10.2-1) ...
Processing triggers for libc-bin (2.35-0ubuntu3.3) ...
Scanning processes...                                                                        
Scanning linux images...                                                                     

Running kernel seems to be up-to-date.

No services need to be restarted.

No containers need to be restarted.

No user sessions are running outdated binaries.

No VM guests are running outdated hypervisor (qemu) binaries on this host.
ubuntu@ip-172-31-23-99:~$ 
ubuntu@ip-172-31-23-99:~$ 
ubuntu@ip-172-31-23-99:~$ 
ubuntu@ip-172-31-23-99:~$ 
ubuntu@ip-172-31-23-99:~$ cd
ubuntu@ip-172-31-23-99:~$ 
ubuntu@ip-172-31-23-99:~$ 
ubuntu@ip-172-31-23-99:~$ 
ubuntu@ip-172-31-23-99:~$ 
ubuntu@ip-172-31-23-99:~$ cd
mkdir work
cd work
ubuntu@ip-172-31-23-99:~/work$ pwd
/home/ubuntu/work
ubuntu@ip-172-31-23-99:~/work$ curl -O ftp://ftp.ncbi.nih.gov/refseq/M_musculus/mRNA_Prot/mouse.1.protein.faa.gz

curl -O ftp://ftp.ncbi.nih.gov/refseq/M_musculus/mRNA_Prot/mouse.2.protein.faa.gz

curl -O ftp://ftp.ncbi.nih.gov/refseq/D_rerio/mRNA_Prot/zebrafish.1.protein.faa.gz
  % Total    % Received % Xferd  Average Speed   Time    Time     Time  Current
                                 Dload  Upload   Total   Spent    Left  Speed
100 8009k  100 8009k    0     0  3370k      0  0:00:02  0:00:02 --:--:-- 3371k
  % Total    % Received % Xferd  Average Speed   Time    Time     Time  Current
                                 Dload  Upload   Total   Spent    Left  Speed
100 11.3M  100 11.3M    0     0  5653k      0  0:00:02  0:00:02 --:--:-- 5652k
  % Total    % Received % Xferd  Average Speed   Time    Time     Time  Current
                                 Dload  Upload   Total   Spent    Left  Speed
100 13.3M  100 13.3M    0     0  6523k      0  0:00:02  0:00:02 --:--:-- 6524k
ubuntu@ip-172-31-23-99:~/work$ 
ubuntu@ip-172-31-23-99:~/work$ 
ubuntu@ip-172-31-23-99:~/work$ 
ubuntu@ip-172-31-23-99:~/work$ ls -l
total 33368
-rw-rw-r-- 1 ubuntu ubuntu  8201879 Nov 29 22:22 mouse.1.protein.faa.gz
-rw-rw-r-- 1 ubuntu ubuntu 11940985 Nov 29 22:22 mouse.2.protein.faa.gz
-rw-rw-r-- 1 ubuntu ubuntu 14016754 Nov 29 22:22 zebrafish.1.protein.faa.gz
ubuntu@ip-172-31-23-99:~/work$ total 31416
-rw-rw-r-- 1 ubuntu ubuntu 11349404 Nov 20 20:16 mouse.1.protein.faa.gz
-rw-rw-r-- 1 ubuntu ubuntu  6867542 Nov 20 20:17 mouse.2.protein.faa.gz
-rw-rw-r-- 1 ubuntu ubuntu 13947543 Nov 20 20:17 zebrafish.1.protein.faa.gz
Command 'total' not found, did you mean:
  command 'topal' from deb topal (80-1build2)
Try: sudo apt install <deb name>
-rw-rw-r--: command not found
-rw-rw-r--: command not found
-rw-rw-r--: command not found
ubuntu@ip-172-31-23-99:~/work$ gunzip *.faa.gz
ubuntu@ip-172-31-23-99:~/work$ head mouse.1.protein.faa 
>NP_598866.1 thioredoxin domain-containing protein 11 isoform 2 [Mus musculus]
MKFTLESFIQNFSVLYSPLKRHLTGSDSAQFPTQHLITEVTTDTFWEVTLRKQDVLLLYYTQWCGFCPSLNHIFIQLARL
LPEDTFTVARIDVSQNDLPWEFMVDRLPTVLFFPCNRKDLSVKYPGDLPITLPNLLRFILHHSDAASAPQDPGISPPTQD
CVQSKAVLQREHISHVENAMQKLRSEMSSLRRTQEQVEGRLLSARRDGHRLLRRQRTLEQQHRLLRRHSQKLQALYLKKA
RELQELARASGTPLPEHTWLKILVATMERELEGQGGAKEPAPLGKARPNHSKSMGTTQLPGDTPPPSTTSSTLASETKHE
NRTD
>NP_001230020.1 uncharacterized protein LOC381272 isoform 2 [Mus musculus]
MTPRQPFVILREDVISLLMPEEKAGNTGVIGAISPMLTSNWRRPSPNHGARDQTQNFTNDDSMLPTELHTQPLPTKFS
>NP_001153406.1 2'-5' oligoadenylate synthetase 1H isoform 2 [Mus musculus]
MAKNLSSTRIALCSTPAWRLDKFIEGHLLGDITFLTELRTDVNSISAFLKERCFQGAAHPMRVSRVVMGGSYNRYTVLKG
ubuntu@ip-172-31-23-99:~/work$ head -11 mouse.1.protein.faa > mm-first.fa
ubuntu@ip-172-31-23-99:~/work$ less mm-first.fa
ubuntu@ip-172-31-23-99:~/work$ makeblastdb -in zebrafish.1.protein.faa -dbtype prot


Building a new DB, current time: 11/29/2023 22:24:40
New DB name:   /home/ubuntu/work/zebrafish.1.protein.faa
New DB title:  zebrafish.1.protein.faa
Sequence type: Protein
Keep MBits: T
Maximum file size: 1000000000B
Adding sequences from FASTA; added 52926 sequences in 1.40112 seconds.


ubuntu@ip-172-31-23-99:~/work$ blastp -query mm-first.fa -db zebrafish.1.protein.faa
BLASTP 2.12.0+


Reference: Stephen F. Altschul, Thomas L. Madden, Alejandro A.
Schaffer, Jinghui Zhang, Zheng Zhang, Webb Miller, and David J.
Lipman (1997), "Gapped BLAST and PSI-BLAST: a new generation of
protein database search programs", Nucleic Acids Res. 25:3389-3402.


Reference for composition-based statistics: Alejandro A. Schaffer,
L. Aravind, Thomas L. Madden, Sergei Shavirin, John L. Spouge, Yuri
I. Wolf, Eugene V. Koonin, and Stephen F. Altschul (2001),
"Improving the accuracy of PSI-BLAST protein database searches with
composition-based statistics and other refinements", Nucleic Acids
Res. 29:2994-3005.



Database: zebrafish.1.protein.faa
           52,926 sequences; 38,569,963 total letters



Query= NP_598866.1 thioredoxin domain-containing protein 11 isoform 2 [Mus
musculus]

Length=324
                                                                      Score     E
Sequences producing significant alignments:                          (Bits)  Value

XP_009294521.1 thioredoxin domain-containing protein 11 isoform X...  214     2e-63
NP_001313634.1 thioredoxin domain-containing protein 11 [Danio re...  214     5e-63
XP_009294513.1 thioredoxin domain-containing protein 11 isoform X...  214     5e-63
NP_001186666.1 protein disulfide-isomerase A3 precursor [Danio re...  67.8    5e-12
NP_001003517.1 protein disulfide isomerase family A, member 8 pre...  65.5    3e-11
NP_956073.2 protein disulfide-isomerase A4 precursor [Danio rerio]    63.2    2e-10
NP_998070.1 protein disulfide isomerase family A, member 7 precur...  59.7    2e-09
NP_998529.3 protein disulfide-isomerase precursor [Danio rerio]       50.8    2e-06
NP_001307463.1 protein disulfide-isomerase A2 precursor [Danio re...  46.6    4e-05
NP_001025330.1 thioredoxin-related transmembrane protein 4 precur...  41.2    0.001
XP_685017.4 thioredoxin domain-containing protein 16 [Danio rerio]    38.5    0.018
NP_998181.1 thioredoxin domain-containing protein 5 [Danio rerio]     37.7    0.021
XP_005162560.1 thioredoxin domain-containing protein 5 isoform X1...  37.7    0.024
NP_922915.2 protein disulfide-isomerase A6 precursor [Danio rerio]    37.4    0.027
NP_001107048.1 protein disulfide-isomerase A5 precursor [Danio re...  36.2    0.072
NP_001039026.1 protein disulfide-isomerase TMX3 precursor [Danio ...  35.0    0.15 
NP_001092245.1 thioredoxin domain-containing protein 15 precursor...  34.3    0.27 
NP_991204.1 thioredoxin, mitochondrial [Danio rerio]                  33.5    0.28 
NP_001018393.2 protein disulfide-isomerase TMX3a precursor [Danio...  33.9    0.37 
NP_001019983.2 beclin 1-associated autophagy-related key regulato...  33.9    0.39 
NP_001108605.1 thioredoxin-related transmembrane protein 1 precur...  33.5    0.48 
XP_005157246.1 uncharacterized protein LOC100170828 isoform X1 [D...  32.7    0.99 
XP_021334745.1 titin [Danio rerio]                                    32.7    1.3  
NP_957186.1 endoplasmic reticulum resident protein 44 [Danio rerio]   32.3    1.3  
XP_009293385.1 myomegalin isoform X3 [Danio rerio]                    32.3    1.6  
XP_009293389.1 myomegalin isoform X6 [Danio rerio]                    32.3    1.6  
XP_009293388.1 myomegalin isoform X5 [Danio rerio]                    32.3    1.6  
XP_009293386.1 myomegalin isoform X4 [Danio rerio]                    32.3    1.6  
NP_001121836.1 sulfhydryl oxidase 1 [Danio rerio]                     32.0    1.7  
XP_009293384.1 myomegalin isoform X2 [Danio rerio]                    32.3    1.7  
XP_009293383.1 myomegalin isoform X1 [Danio rerio]                    32.3    1.7  
XP_021324431.1 myomegalin isoform X7 [Danio rerio]                    32.0    1.8  
XP_009293390.1 myomegalin isoform X7 [Danio rerio]                    32.0    1.8  
XP_001920501.5 hemicentin-1 [Danio rerio]                             32.0    2.0  
XP_021334263.1 thioredoxin domain-containing protein 6 isoform X1...  31.6    2.5  
XP_021334262.1 thioredoxin domain-containing protein 6 isoform X1...  31.6    2.5  
NP_001082944.1 thioredoxin domain-containing protein 6 [Danio rerio]  31.2    2.6  
XP_021334265.1 thioredoxin domain-containing protein 6 isoform X3...  31.2    2.6  
XP_021334264.1 thioredoxin domain-containing protein 6 isoform X2...  31.2    2.7  
XP_021334746.1 titin isoform X1 [Danio rerio]                         31.2    3.3  
XP_003199098.1 keratin, type II cytoskeletal 8 [Danio rerio]          30.4    4.0  
XP_005173719.1 transcriptional coactivator YAP1 isoform X1 [Danio...  29.6    9.0  
XP_009294942.1 neural cell adhesion molecule L1-like protein isof...  29.6    9.5  
XP_021325513.1 neural cell adhesion molecule L1-like protein isof...  29.6    9.8  


>XP_009294521.1 thioredoxin domain-containing protein 11 isoform 
X2 [Danio rerio]
Length=719

 Score = 214 bits (546),  Expect = 2e-63, Method: Compositional matrix adjust.
 Identities = 126/273 (46%), Positives = 176/273 (64%), Gaps = 17/273 (6%)

Query  4    TLESFIQNFSVLYSPLKRHLTGSDSAQFPTQHLITEVTTDTFWEVTLRKQ-DVLLLYYTQ  62
            TLE FIQNFSV YSPL+RHL G ++ Q  TQ L+ EVT+D+F +  +  Q DVLLLYY+ 
Sbjct  420  TLEGFIQNFSVPYSPLRRHLVGQEAPQ-QTQSLVQEVTSDSFLQTVMDSQRDVLLLYYSA  478

Query  63   WCGFCPSLNHIFIQLARLLPED-TFTVARIDVSQNDLPWEFMVDRLPTVLFFPCNRKDLS  121
            WCGFC  LNH+F+QL RL   +   TVAR++V +NDLPWEFMVD LPTVLFFP +RK +S
Sbjct  479  WCGFCSVLNHVFLQLGRLFRGNRALTVARVNVGRNDLPWEFMVDHLPTVLFFPRHRKQMS  538

Query  122  VKYPGDLPITLPNLLRFILHHSDAASAPQDPGISPPTQDCVQSKAVLQREHISHVENAMQ  181
            VK+P + P+T+PNLLRF+L H+    AP +   S   ++ V+ +     E +S +   ++
Sbjct  539  VKFPENTPMTVPNLLRFVLQHT--GHAPWEEQQSGEGEEPVRGE-----ESVSLLGAELR  591

Query  182  KLRSEMSSLRRTQEQVEGRLLSARRDGHRLLRRQRTLEQQHRLLRRHSQKLQALYLKKAR  241
             L+ E+ SL R +E+V  +L    R+  RL     TL+ Q++ L+    +L+ALY +K  
Sbjct  592  ALQQEVFSLHRVRERVSQQLDVLWRENRRLTLHTHTLQSQNQELQAQIHQLEALYREKTH  651

Query  242  E-------LQELARASGTPLPEHTWLKILVATM  267
            +       LQELA AS   L E+T LK+L+  +
Sbjct  652  QLTHTVHRLQELADASEELLKENTLLKVLLTAL  684


>NP_001313634.1 thioredoxin domain-containing protein 11 [Danio 
rerio]
Length=775

 Score = 214 bits (545),  Expect = 5e-63, Method: Compositional matrix adjust.
 Identities = 126/273 (46%), Positives = 176/273 (64%), Gaps = 17/273 (6%)

Query  4    TLESFIQNFSVLYSPLKRHLTGSDSAQFPTQHLITEVTTDTFWEVTLRKQ-DVLLLYYTQ  62
            TLE FIQNFSV YSPL+RHL G ++ Q  TQ L+ EVT+D+F +  +  Q DVLLLYY+ 
Sbjct  476  TLEGFIQNFSVPYSPLRRHLVGQEAPQ-QTQSLVQEVTSDSFLQTVMDSQRDVLLLYYSA  534

Query  63   WCGFCPSLNHIFIQLARLLPED-TFTVARIDVSQNDLPWEFMVDRLPTVLFFPCNRKDLS  121
            WCGFC  LNH+F+QL RL   +   TVAR++V +NDLPWEFMVD LPTVLFFP +RK +S
Sbjct  535  WCGFCSVLNHVFLQLGRLFRGNRALTVARVNVGRNDLPWEFMVDHLPTVLFFPRHRKQMS  594

Query  122  VKYPGDLPITLPNLLRFILHHSDAASAPQDPGISPPTQDCVQSKAVLQREHISHVENAMQ  181
            VK+P + P+T+PNLLRF+L H+    AP +   S   ++ V+ +     E +S +   ++
Sbjct  595  VKFPENTPMTVPNLLRFVLQHT--GHAPWEEQQSGEGEEPVRGE-----ESVSLLGAELR  647

Query  182  KLRSEMSSLRRTQEQVEGRLLSARRDGHRLLRRQRTLEQQHRLLRRHSQKLQALYLKKAR  241
             L+ E+ SL R +E+V  +L    R+  RL     TL+ Q++ L+    +L+ALY +K  
Sbjct  648  ALQQEVFSLHRVRERVSQQLDVLWRENRRLTLHTHTLQSQNQELQAQIHQLEALYREKTH  707

Query  242  E-------LQELARASGTPLPEHTWLKILVATM  267
            +       LQELA AS   L E+T LK+L+  +
Sbjct  708  QLTHTVHRLQELADASEELLKENTLLKVLLTAL  740


>XP_009294513.1 thioredoxin domain-containing protein 11 isoform 
X1 [Danio rerio]
Length=774

 Score = 214 bits (545),  Expect = 5e-63, Method: Compositional matrix adjust.
 Identities = 126/273 (46%), Positives = 176/273 (64%), Gaps = 17/273 (6%)

Query  4    TLESFIQNFSVLYSPLKRHLTGSDSAQFPTQHLITEVTTDTFWEVTLRKQ-DVLLLYYTQ  62
            TLE FIQNFSV YSPL+RHL G ++ Q  TQ L+ EVT+D+F +  +  Q DVLLLYY+ 
Sbjct  475  TLEGFIQNFSVPYSPLRRHLVGQEAPQ-QTQSLVQEVTSDSFLQTVMDSQRDVLLLYYSA  533

Query  63   WCGFCPSLNHIFIQLARLLPED-TFTVARIDVSQNDLPWEFMVDRLPTVLFFPCNRKDLS  121
            WCGFC  LNH+F+QL RL   +   TVAR++V +NDLPWEFMVD LPTVLFFP +RK +S
Sbjct  534  WCGFCSVLNHVFLQLGRLFRGNRALTVARVNVGRNDLPWEFMVDHLPTVLFFPRHRKQMS  593

Query  122  VKYPGDLPITLPNLLRFILHHSDAASAPQDPGISPPTQDCVQSKAVLQREHISHVENAMQ  181
            VK+P + P+T+PNLLRF+L H+    AP +   S   ++ V+ +     E +S +   ++
Sbjct  594  VKFPENTPMTVPNLLRFVLQHT--GHAPWEEQQSGEGEEPVRGE-----ESVSLLGAELR  646

Query  182  KLRSEMSSLRRTQEQVEGRLLSARRDGHRLLRRQRTLEQQHRLLRRHSQKLQALYLKKAR  241
             L+ E+ SL R +E+V  +L    R+  RL     TL+ Q++ L+    +L+ALY +K  
Sbjct  647  ALQQEVFSLHRVRERVSQQLDVLWRENRRLTLHTHTLQSQNQELQAQIHQLEALYREKTH  706

Query  242  E-------LQELARASGTPLPEHTWLKILVATM  267
            +       LQELA AS   L E+T LK+L+  +
Sbjct  707  QLTHTVHRLQELADASEELLKENTLLKVLLTAL  739


>NP_001186666.1 protein disulfide-isomerase A3 precursor [Danio 
rerio]
Length=494

 Score = 67.8 bits (164),  Expect = 5e-12, Method: Compositional matrix adjust.
 Identities = 42/127 (33%), Positives = 63/127 (50%), Gaps = 9/127 (7%)

Query  4    TLESFIQNFSVLYSPLKRHLTGS---DSAQFPTQHLITEVTTDTFWEVTLRKQDVLLLYY  60
             LE F+Q++      LKR+L      ++   P + L+ E   D+   V    +DVL+ +Y
Sbjct  338  ALERFLQDY--FDGNLKRYLKSEPVPENNDGPVKVLVAE-NFDSI--VNDDSKDVLIEFY  392

Query  61   TQWCGFCPSLNHIFIQLARLLPED-TFTVARIDVSQNDLPWEFMVDRLPTVLFFPCNRKD  119
              WCG C SL   + +L   L ED    +A++D + ND+P  + V   PT+ F P  RK 
Sbjct  393  APWCGHCKSLEPKYKELGEKLSEDPNIVIAKMDATANDVPSPYEVSGFPTIYFSPAGRKQ  452

Query  120  LSVKYPG  126
               KY G
Sbjct  453  NPKKYEG  459


>NP_001003517.1 protein disulfide isomerase family A, member 8 
precursor [Danio rerio]
Length=493

 Score = 65.5 bits (158),  Expect = 3e-11, Method: Compositional matrix adjust.
 Identities = 38/125 (30%), Positives = 63/125 (50%), Gaps = 5/125 (4%)

Query  4    TLESFIQNFSVLYSPLKRHLTGSDSAQFPTQHLITEVTTDTFWEVTLR-KQDVLLLYYTQ  62
            +LESF++++      LKR++  S+        ++  V  DTF E+    ++DVL+ +Y  
Sbjct  344  SLESFLEDY--FAGRLKRYVK-SEPVPAINNGVVKVVVADTFEEIVNDPEKDVLIEFYAP  400

Query  63   WCGFCPSLNHIFIQLARLLPED-TFTVARIDVSQNDLPWEFMVDRLPTVLFFPCNRKDLS  121
            WCG C  L   +  L  +L  D    +A++D + ND+P  + V   PT+ F    RK   
Sbjct  401  WCGHCKKLEPKYTALGEMLYSDPNIVIAKMDATVNDVPAGYDVQGFPTIYFAAAGRKSEP  460

Query  122  VKYPG  126
             +Y G
Sbjct  461  KRYEG  465


 Score = 33.9 bits (76),  Expect = 0.44, Method: Compositional matrix adjust.
 Identities = 19/62 (31%), Positives = 33/62 (53%), Gaps = 2/62 (3%)

Query  53   QDVLLLYYTQWCGFCPSLNHIFIQLARLLPEDTFTVARIDVSQN-DLPWEFMVDRLPTVL  111
            + +L+ +Y  WCG C  L   F   A  L + T T+A++D + N ++   + V+  PT+ 
Sbjct  43   ETLLVKFYAPWCGHCKKLAPEFESAASRL-KGTVTLAKVDCTANTEICKHYGVNGYPTLK  101

Query  112  FF  113
             F
Sbjct  102  IF  103


>NP_956073.2 protein disulfide-isomerase A4 precursor [Danio rerio]
Length=642

 Score = 63.2 bits (152),  Expect = 2e-10, Method: Compositional matrix adjust.
 Identities = 31/90 (34%), Positives = 49/90 (54%), Gaps = 3/90 (3%)

Query  40   VTTDTFWEVTL-RKQDVLLLYYTQWCGFCPSLNHIFIQLARLLP-EDTFTVARIDVSQND  97
            V   TF E+ +  K+DVL+ +Y  WCG C  L   +I L +    E    +A++D + ND
Sbjct  527  VVGKTFDEIVMDSKKDVLIEFYAPWCGHCKKLEPDYISLGKKYKNEKNLVIAKMDATAND  586

Query  98   LPWE-FMVDRLPTVLFFPCNRKDLSVKYPG  126
            +P + + V+  PT+ F P N K   +K+ G
Sbjct  587  VPHDSYKVEGFPTIYFAPSNNKQNPIKFEG  616


 Score = 40.0 bits (92),  Expect = 0.004, Method: Compositional matrix adjust.
 Identities = 27/90 (30%), Positives = 43/90 (48%), Gaps = 6/90 (7%)

Query  40   VTTDTFWEVTLRKQDVLLLYYTQWCGFCPSLNHIFIQLARLLPEDT--FTVARIDV-SQN  96
            +T D F +V      +L+ +Y  WCG C  L   + + A+ L   T    +A++D  +++
Sbjct  179  LTKDNFDDVVNNADIILVEFYAPWCGHCKRLAPEYEKAAKELSNRTPPIPLAKVDATAES  238

Query  97   DLPWEFMVDRLPTVLFFPCNRKDLSVKYPG  126
            DL   F V   PT+  F   RK  +  Y G
Sbjct  239  DLATRFGVSGYPTLKIF---RKGKAFDYNG  265


 Score = 40.0 bits (92),  Expect = 0.005, Method: Compositional matrix adjust.
 Identities = 28/95 (29%), Positives = 46/95 (48%), Gaps = 9/95 (9%)

Query  36   LITEVTTDTFWEVTLRKQDVLLLYYTQWCGFCPSLNHIFIQLARLLPEDT--FTVARIDV  93
            ++T+   DTF E    K  VL+ +Y  WCG C      + ++A+ L E+     VA++D 
Sbjct  63   VLTDANFDTFIE---GKDTVLVEFYAPWCGHCKQFAPEYEKIAQTLKENDPPIPVAKVDA  119

Query  94   SQ-NDLPWEFMVDRLPTVLFFPCNRKDLSVKYPGD  127
            ++ + L   F V   PT+      +K   + Y GD
Sbjct  120  TKASGLGSRFEVSGYPTIKIL---KKGEPLDYDGD  151


>NP_998070.1 protein disulfide isomerase family A, member 7 precursor 
[Danio rerio]
Length=488

 Score = 59.7 bits (143),  Expect = 2e-09, Method: Compositional matrix adjust.
 Identities = 37/128 (29%), Positives = 65/128 (51%), Gaps = 11/128 (9%)

Query  4    TLESFIQNFSVLYSPLKRHLTGS---DSAQFPTQHLITEVTTDTFWEVTLR-KQDVLLLY  59
            +LE F++++      LKR++      +S   P + L+     DTF  +    ++DVL+ +
Sbjct  339  SLEKFLEDY--FAKRLKRYVKSEPIPESNDGPVKVLVA----DTFDAIVNDPEKDVLVEF  392

Query  60   YTQWCGFCPSLNHIFIQLARLLPED-TFTVARIDVSQNDLPWEFMVDRLPTVLFFPCNRK  118
            Y  WCG C +L   + +L   L  +    +A++D + ND+P  + V   PT+ F P  +K
Sbjct  393  YAPWCGHCKNLEPKYKELGEKLSGNPNIVIAKMDATANDVPPNYDVQGFPTIYFVPSGQK  452

Query  119  DLSVKYPG  126
            D   +Y G
Sbjct  453  DQPRRYEG  460


 Score = 29.6 bits (65),  Expect = 8.8, Method: Compositional matrix adjust.
 Identities = 21/73 (29%), Positives = 36/73 (49%), Gaps = 3/73 (4%)

Query  43   DTFWEVTLRKQDVLLL-YYTQWCGFCPSLNHIFIQLARLLPEDTFTVARIDVSQNDLPWE  101
            D+ ++ +    D LL+ ++  WCG C  L   +   A  L + T  +A++D + N    E
Sbjct  27   DSDFDRSAGMHDTLLVEFFAPWCGHCQRLAPEYEAAATKL-KGTLALAKVDCTVNSETCE  85

Query  102  -FMVDRLPTVLFF  113
             F V+  PT+  F
Sbjct  86   RFGVNGYPTLKIF  98


>NP_998529.3 protein disulfide-isomerase precursor [Danio rerio]
Length=509

 Score = 50.8 bits (120),  Expect = 2e-06, Method: Compositional matrix adjust.
 Identities = 36/139 (26%), Positives = 59/139 (42%), Gaps = 5/139 (4%)

Query  13   SVLYSPLKRHLTGSDSAQFPTQHLITEVTTDTFWEVTLR-KQDVLLLYYTQWCGFCPSLN  71
            S +   LK HL   D  +   ++ +  +    F EV      +V + +Y  WCG C  L 
Sbjct  343  SFVEGTLKPHLMSQDIPEDWDKNPVKVLVGKNFEEVAFNPANNVFVEFYAPWCGHCKQLA  402

Query  72   HIFIQLARLLPED-TFTVARIDVSQNDLPWEFMVDRLPTVLFFPCNRKDLSVKYPGDLPI  130
             I+ QL     ++    VA++D + N++     V   PT+ FFP   +   + Y G+   
Sbjct  403  PIWDQLGEKFKDNANIVVAKMDSTANEIE-AVKVHSFPTLKFFPAGDERKVIDYNGER--  459

Query  131  TLPNLLRFILHHSDAASAP  149
            TL    +F+        AP
Sbjct  460  TLDGFTKFLESGGKEGGAP  478


 Score = 40.0 bits (92),  Expect = 0.004, Method: Compositional matrix adjust.
 Identities = 25/99 (25%), Positives = 46/99 (46%), Gaps = 3/99 (3%)

Query  23   LTGSDSAQFPTQHLITEVTTDTFWEVTLRKQDVLLLYYTQWCGFCPSLNHIFIQLARLLP  82
            L    +A+   +  +  +    F E      +VL+ +Y  WCG C +L   + + A +L 
Sbjct  10   LAAMSAAEIAEEEDVLVLKKSNFEEALKAHPNVLVEFYAPWCGHCKALAPEYSKAAGMLK  69

Query  83   EDTFTV--ARIDVS-QNDLPWEFMVDRLPTVLFFPCNRK  118
             +   +  A++D + +++L  EF V   PT+ FF    K
Sbjct  70   AEGSDIRLAKVDATEESELAQEFGVRGYPTIKFFKGGEK  108


>NP_001307463.1 protein disulfide-isomerase A2 precursor [Danio 
rerio]
Length=555

 Score = 46.6 bits (109),  Expect = 4e-05, Method: Compositional matrix adjust.
 Identities = 30/128 (23%), Positives = 62/128 (48%), Gaps = 5/128 (4%)

Query  2    KFTLESFIQNFSVLYSPLKRHLTGSDSAQFPTQHLITEVTTDTFWEVTLRK-QDVLLLYY  60
            K TL +F Q   V    +K +L   +  +   ++ +  +    F EV   + ++V + +Y
Sbjct  371  KDTLRTFCQ--GVFDGTVKPYLKSQEIPEDWDKNPVKVLVGKNFNEVAFDESKNVFVEFY  428

Query  61   TQWCGFCPSLNHIFIQLA-RLLPEDTFTVARIDVSQNDLPWEFMVDRLPTVLFFPCNRKD  119
              WCG C  L  ++ +L  +   ++   +A++D ++ND+  +  +   PT+ +FP   + 
Sbjct  429  APWCGHCQQLAPVWDELGEKYKDQENIIIAKMDATENDVE-DLTIQGFPTIKYFPAGTEK  487

Query  120  LSVKYPGD  127
              V Y G+
Sbjct  488  KIVDYDGN  495


 Score = 44.7 bits (104),  Expect = 1e-04, Method: Compositional matrix adjust.
 Identities = 28/92 (30%), Positives = 48/92 (52%), Gaps = 5/92 (5%)

Query  55   VLLLYYTQWCGFCPSLNHIFIQLARLLPEDTFTV--ARID-VSQNDLPWEFMVDRLPTVL  111
            +L+ +Y  WCG C SL  I+ ++A  L   +  V  A++D + + +L  EF VD  PT+ 
Sbjct  76   LLVEFYAPWCGHCRSLEPIYAEVAGQLKNASSEVRLAKVDAIEEKELASEFSVDSFPTLK  135

Query  112  FFPCNRKDLSVKYPGDLPITLPNLLRFILHHS  143
            FF    +  +  + G    TL  + R++  H+
Sbjct  136  FFKEGNRQNATTFFG--KRTLKGIKRWLEKHT  165


>NP_001025330.1 thioredoxin-related transmembrane protein 4 precursor 
[Danio rerio]
Length=277

 Score = 41.2 bits (95),  Expect = 0.001, Method: Compositional matrix adjust.
 Identities = 42/155 (27%), Positives = 65/155 (42%), Gaps = 10/155 (6%)

Query  17   SPLKRHLTGSDSAQFPTQHLITEVTTDTFWEVTLRKQDVLLLYYTQWCGFCPSLNHIFIQ  76
            S L   L G   AQ    +++T    D  W + L+ +  ++ +Y  WC  C  L   +  
Sbjct  12   SALFLTLAGRGDAQADASNVVT--VADANWTLILQGE-WMIKFYAPWCPACQHLQADWEN  68

Query  77   LARLLPEDTFTVARIDVSQN-DLPWEFMVDRLPTVLFFPCNRKDLSVKYPGDLPITLPNL  135
            L R       +V R+DV+Q   L   F+V  LPT+  F     D   KY      T+ ++
Sbjct  69   LGRQSDSLGISVGRVDVTQQPGLSGRFLVTTLPTI--FHAKNGDFR-KYVSSR--TIEDI  123

Query  136  LRFILHHSDAASAPQDPGISPPTQDCVQSKAVLQR  170
              +++H   A   P  PG   P+   +   A L R
Sbjct  124  QAYVVHRKWATVEPV-PGWKSPSSLLMSGMAHLFR  157


>XP_685017.4 thioredoxin domain-containing protein 16 [Danio rerio]
Length=804

 Score = 38.5 bits (88),  Expect = 0.018, Method: Compositional matrix adjust.
 Identities = 26/106 (25%), Positives = 53/106 (50%), Gaps = 5/106 (5%)

Query  37   ITEVTTDTFWEVTLRKQDVLLLYYTQWCGFCPSLNHIFIQLARLLPE-DTFTVARIDVSQ  95
            +TE+T DTF     + +  ++L+Y +W   C +    ++++A  + + +   +A +D  +
Sbjct  388  VTELTADTFQTAIKQNEITVVLFYFKWDAVCMAFIQSYVEVAEAVEDVNGVELAAVDCGE  447

Query  96   -NDLPWEFMVDRLPTVLFFPCNRKDLSVKYPGDLPITLPNLLRFIL  140
              D+  +  +   PTVL + C +   +  Y G +     +L RFIL
Sbjct  448  WTDICRDQNITSFPTVLIY-CPKAAAAQPYRGMMGTK--SLQRFIL  490


>NP_998181.1 thioredoxin domain-containing protein 5 [Danio rerio]
Length=327

 Score = 37.7 bits (86),  Expect = 0.021, Method: Compositional matrix adjust.
 Identities = 27/113 (24%), Positives = 53/113 (47%), Gaps = 6/113 (5%)

Query  42   TDTFWEVTLRKQDVLLLYYTQWCGFCPSLNHIFIQLARLLP-EDTFTVARIDVSQN-DLP  99
            T T ++  + K    + ++  WCG C ++   + QLA      D+  ++++D +Q+ ++ 
Sbjct  88   TATNFKSHIAKGSHFVKFFAPWCGHCKAMAPTWEQLASSFEHSDSIKISKVDCTQHYEVC  147

Query  100  WEFMVDRLPTVLFFPCNRKDLSVKYPGDLPITLPNLLRFILHHSDAASAPQDP  152
             +  V   PT+LFF    K    +   D    L +   F+ +H  AA +  +P
Sbjct  148  SDNQVRGYPTLLFFTDGEKIDQYRGKRD----LDSFKEFVDNHVKAAESKDEP  196


 Score = 31.2 bits (69),  Expect = 2.2, Method: Compositional matrix adjust.
 Identities = 22/77 (29%), Positives = 39/77 (51%), Gaps = 3/77 (4%)

Query  40   VTTDTFWEVTLRKQDVLLLYYTQWCGFCPSLNHIFIQLA-RLLPEDT-FTVARIDVS-QN  96
            V T++ ++ T+ K    + +Y  WCG C +L   +  L+ +  P  T   +A++D + + 
Sbjct  221  VLTESNFDETVAKGLSFIKFYAPWCGHCKNLAPTWDDLSQKEFPGLTDVKIAKVDCTVER  280

Query  97   DLPWEFMVDRLPTVLFF  113
             L   F V   PT+L F
Sbjct  281  TLCNRFSVRGYPTLLMF  297


>XP_005162560.1 thioredoxin domain-containing protein 5 isoform 
X1 [Danio rerio]
Length=403

 Score = 37.7 bits (86),  Expect = 0.024, Method: Compositional matrix adjust.
 Identities = 28/113 (25%), Positives = 53/113 (47%), Gaps = 6/113 (5%)

Query  42   TDTFWEVTLRKQDVLLLYYTQWCGFCPSLNHIFIQLARLLP-EDTFTVARIDVSQN-DLP  99
            T T ++  + K    + ++  WCG C ++   + QLA      D+  ++++D +Q+ ++ 
Sbjct  164  TATNFKSHIAKGSHFVKFFAPWCGHCKAMAPTWEQLASSFEHSDSIKISKVDCTQHYEVC  223

Query  100  WEFMVDRLPTVLFFPCNRKDLSVKYPGDLPITLPNLLRFILHHSDAASAPQDP  152
             +  V   PT+LFF    K    K   D    L +   F+ +H  AA +  +P
Sbjct  224  SDNQVRGYPTLLFFTDGEKIDQYKGKRD----LDSFKEFVDNHVKAAESKDEP  272


 Score = 30.4 bits (67),  Expect = 4.7, Method: Compositional matrix adjust.
 Identities = 22/77 (29%), Positives = 39/77 (51%), Gaps = 3/77 (4%)

Query  40   VTTDTFWEVTLRKQDVLLLYYTQWCGFCPSLNHIFIQLA-RLLPEDT-FTVARIDVS-QN  96
            V T++ ++ T+ K    + +Y  WCG C +L   +  L+ +  P  T   +A++D + + 
Sbjct  297  VLTESNFDETVAKGLSFIKFYAPWCGHCKNLAPTWDDLSQKEFPGLTDVKIAKVDCTVER  356

Query  97   DLPWEFMVDRLPTVLFF  113
             L   F V   PT+L F
Sbjct  357  TLCNRFSVRGYPTLLMF  373


>NP_922915.2 protein disulfide-isomerase A6 precursor [Danio rerio]
Length=440

 Score = 37.4 bits (85),  Expect = 0.027, Method: Compositional matrix adjust.
 Identities = 22/79 (28%), Positives = 35/79 (44%), Gaps = 11/79 (14%)

Query  40   VTTDTFWEVTLRKQDVLLLYYTQWCGFCPSLNHIFIQLARLLPEDTFTVARIDVSQ-NDL  98
            + +D+ W         L+ +Y  WCG C SL   + + A  L +    V  +D  Q N L
Sbjct  40   IQSDSLW---------LVEFYAPWCGHCKSLAPEWKKAATAL-KGIVKVGAVDADQHNSL  89

Query  99   PWEFMVDRLPTVLFFPCNR  117
              ++ V   PT+  F  N+
Sbjct  90   GGQYGVRGFPTIKIFGGNK  108


 Score = 34.3 bits (77),  Expect = 0.25, Method: Compositional matrix adjust.
 Identities = 22/82 (27%), Positives = 33/82 (40%), Gaps = 5/82 (6%)

Query  37   ITEVTTDTFWEVTLRKQDVLLL-YYTQWCGFCPSLNHIFIQLARLLPEDTFTVARIDVSQ  95
            + E+T D F    L   DV L+ ++  WCG C +L   +   A  + E T    R+    
Sbjct  162  VVELTDDNFDRTVLESDDVWLVEFFAPWCGHCKNLEPEWTAAATEVKEQTKGKVRLAAED  221

Query  96   ----NDLPWEFMVDRLPTVLFF  113
                  L   F +   PT+  F
Sbjct  222  ATVHQGLASRFGIRGFPTIKVF  243


>NP_001107048.1 protein disulfide-isomerase A5 precursor [Danio 
rerio]
Length=528

 Score = 36.2 bits (82),  Expect = 0.072, Method: Compositional matrix adjust.
 Identities = 18/62 (29%), Positives = 31/62 (50%), Gaps = 4/62 (6%)

Query  55   VLLLYYTQWCGFCPSLNHIFIQLARLLPEDTFTVARIDV---SQNDLPWEFMVDRLPTVL  111
            +L+++Y  WCG C  +  IF Q A    +  + +A ++V     + +  EF V   PT  
Sbjct  181  ILMMFYAPWCGVCKRMQPIFQQAATET-KGKYVLAGMNVHPAEFDGVKQEFSVKGYPTFC  239

Query  112  FF  113
            +F
Sbjct  240  YF  241


 Score = 35.8 bits (81),  Expect = 0.089, Method: Compositional matrix adjust.
 Identities = 23/95 (24%), Positives = 43/95 (45%), Gaps = 6/95 (6%)

Query  37   ITEVTTDTFWEVTLRKQDVLLLYYTQWCGFCPSLNHIFIQLARLLPED-TFTVARIDVSQ  95
            ++ +  + F E   +K+  L+++Y  WC  C +    F   A +  ED     A +D ++
Sbjct  408  VSHLGAEDFRESLKKKKHALVMFYAPWCPHCKNAVPHFTTAAEMFKEDRKIAYAAVDCTK  467

Query  96   N---DLPWEFMVDRLPTVLFFPCNRKDLSVKYPGD  127
                +L  +  V+  PT  ++  N    S KY G+
Sbjct  468  GQNHELCKQEGVEGYPTFNYY--NYGKFSEKYNGE  500


 Score = 34.7 bits (78),  Expect = 0.25, Method: Compositional matrix adjust.
 Identities = 20/81 (25%), Positives = 34/81 (42%), Gaps = 4/81 (5%)

Query  37   ITEVTTDTFWEVTLRKQDVLLLYYTQWCGFCPSLNHIFIQLARLL---PEDTFTVARIDV  93
            +  +T D+F          L+++Y  WCG C  +   +   A  L   P     +A +D 
Sbjct  286  VFHLTDDSFDSFLEEHPSALIMFYAPWCGHCKKMKPEYDDAAETLNKDPNSPGVLAAVDT  345

Query  94   SQNDLPWE-FMVDRLPTVLFF  113
            + +    E F +   PTV +F
Sbjct  346  TIHKSTGERFKISGFPTVKYF  366


>NP_001039026.1 protein disulfide-isomerase TMX3 precursor [Danio 
rerio]
Length=484

 Score = 35.0 bits (79),  Expect = 0.15, Method: Compositional matrix adjust.
 Identities = 25/92 (27%), Positives = 44/92 (48%), Gaps = 9/92 (10%)

Query  51   RKQDVLLL-YYTQWCGFCPSLNHIFIQLARLLPEDT--FTVARIDV-SQNDLPWEFMVDR  106
            R +DV L+ +Y  WCG+C  L  ++ ++   L        V ++D  + + +  EF V  
Sbjct  32   RMEDVWLVDFYAPWCGYCKKLEPVWEEVGAELSRSGSPVRVGKMDATAYSGMASEFGVRG  91

Query  107  LPTVLFFPCNRKDLSVKYPGDLPITLPNLLRF  138
             PT+      + DL+  Y G  P T  +++ F
Sbjct  92   YPTIKLL---KGDLAYNYKG--PRTKDDIIEF  118


>NP_001092245.1 thioredoxin domain-containing protein 15 precursor 
[Danio rerio]
Length=284

 Score = 34.3 bits (77),  Expect = 0.27, Method: Compositional matrix adjust.
 Identities = 22/59 (37%), Positives = 28/59 (47%), Gaps = 3/59 (5%)

Query  56   LLLYYTQWCGFCPSLNHIFIQLARLLPEDTFTVARIDVSQ-NDLPWEFMVDRLPTVLFF  113
            L+L+YT WC F  SL   F  L R  P   F    +D SQ + L   F    +P +L F
Sbjct  136  LVLFYTGWCPFSASLAPHFNALPRAFPSMHFLA--LDASQHSSLSTRFGTVAVPNILLF  192


>NP_991204.1 thioredoxin, mitochondrial [Danio rerio]
Length=166

 Score = 33.5 bits (75),  Expect = 0.28, Method: Compositional matrix adjust.
 Identities = 19/58 (33%), Positives = 34/58 (59%), Gaps = 2/58 (3%)

Query  55   VLLLYYTQWCGFCPSLNHIFIQLARLLPEDTFTVARIDVSQN-DLPWEFMVDRLPTVL  111
            VL+ ++ QWCG C  L    ++ A    +   T+A++D+ ++ DL  E+ V  +PTV+
Sbjct  80   VLIDFHAQWCGPCKILGP-RLEKAIAKQKGRVTMAKVDIDEHTDLAIEYGVSAVPTVI  136


>NP_001018393.2 protein disulfide-isomerase TMX3a precursor [Danio 
rerio]
Length=437

 Score = 33.9 bits (76),  Expect = 0.37, Method: Compositional matrix adjust.
 Identities = 26/100 (26%), Positives = 45/100 (45%), Gaps = 11/100 (11%)

Query  43   DTFWEVTLRKQDVLLL-YYTQWCGFCPSLNHIFIQLARLLPE--DTFTVARID-VSQNDL  98
            D F E   R+ ++ L+ +Y  WC +C +   ++ ++   L        V +ID  +   +
Sbjct  28   DKFTE--FRQNELWLVEFYAPWCAYCHTFEPVWTEVGAELKSLGSPVNVGKIDTTAHTSI  85

Query  99   PWEFMVDRLPTVLFFPCNRKDLSVKYPGDLPITLPNLLRF  138
              EF +   PT+  F   + DLS  Y G  P T   ++ F
Sbjct  86   ATEFNIRGYPTIKLF---KGDLSFDYKG--PRTKDGIIEF  120


>NP_001019983.2 beclin 1-associated autophagy-related key regulator 
[Danio rerio]
Length=517

 Score = 33.9 bits (76),  Expect = 0.39, Method: Compositional matrix adjust.
 Identities = 25/103 (24%), Positives = 51/103 (50%), Gaps = 1/103 (1%)

Query  180  MQKLRSEMSSLRRTQEQVEGRLLSARRDGHRLLRRQRTLEQQHRLLRRHSQKLQALYLKK  239
            +Q+L+  + +     +  +  LL ++ +G RL RR    +++   ++RH+Q+L  L  K+
Sbjct  146  IQQLKEAICTSNEEVKSGKELLLRSQEEGQRLQRRASRHQEKRDKIKRHNQRLGELLEKR  205

Query  240  ARELQELARASGTPLPEHTW-LKILVATMERELEGQGGAKEPA  281
            ++E+Q    A      EH   L   +  ++ E +G     +PA
Sbjct  206  SKEMQGRLEALAEVRREHILELTTHIFNIQEEKQGSRDPADPA  248


>NP_001108605.1 thioredoxin-related transmembrane protein 1 precursor 
[Danio rerio]
Length=284

 Score = 33.5 bits (75),  Expect = 0.48, Method: Compositional matrix adjust.
 Identities = 22/89 (25%), Positives = 45/89 (51%), Gaps = 5/89 (6%)

Query  40   VTTDTFWEVTLRKQDVLLLYYTQWCGFCPSLNHIFIQLARLLPEDTFTVARIDVSQN-DL  98
            V TD  W+  L  +  ++ ++  WC  C  L  ++ + A    +    +A++DV+++  L
Sbjct  40   VLTDGDWQEVLTGE-WMIEFFAPWCPACQQLEPVWTEFAGWGDDLGVNIAKVDVTEHPGL  98

Query  99   PWEFMVDRLPTVLFFPCNRKDLSVKYPGD  127
               F++  LPT+  + C +  +  +Y GD
Sbjct  99   SGRFIIMALPTI--YHC-KDGVFRRYQGD  124


>XP_005157246.1 uncharacterized protein LOC100170828 isoform X1 
[Danio rerio]
Length=425

 Score = 32.7 bits (73),  Expect = 0.99, Method: Compositional matrix adjust.
 Identities = 26/139 (19%), Positives = 62/139 (45%), Gaps = 13/139 (9%)

Query  123  KYPGDLPITLPNLLRFILHHSDAASAPQDPGISPPTQDCVQSKAVLQREHISHVENAMQK  182
            ++P         L+  ++    A+S+P          DC++S+  ++  +IS +    +K
Sbjct  59   EFPNKCCFQTNYLVANLVEKVRASSSPASVKYLEELNDCLESQCSMKDAYISMI----RK  114

Query  183  LRSEMSSLRRTQEQVEGRLLSARRDGHRLLRRQ---------RTLEQQHRLLRRHSQKLQ  233
             + +M  +++T  +++GR+ +  +  H  L+ +         R  E+  + L RH + LQ
Sbjct  115  DKDKMEKIKKTGAELQGRVHNDFQALHHFLQVEEEAMIEELKREQEEMLQGLERHLEALQ  174

Query  234  ALYLKKARELQELARASGT  252
                   + +  L + +G+
Sbjct  175  VAIRDVEKNINILRQTAGS  193


>XP_021334745.1 titin [Danio rerio]
Length=31468

 Score = 32.7 bits (73),  Expect = 1.3, Method: Composition-based stats.
 Identities = 19/69 (28%), Positives = 37/69 (54%), Gaps = 1/69 (1%)

Query  194   QEQVEGRLLSARRDGHRLLRRQRTLEQQHRLLR-RHSQKLQALYLKKARELQELARASGT  252
             Q+  E  +++  R G   +    T+E +  L+R +  +KL+ + +K+   ++   +A G 
Sbjct  1139  QDSGEWTVVAQNRAGKTTVSMTLTVEAKENLVRPQFIEKLKNISVKEGSLVELAVKAIGN  1198

Query  253   PLPEHTWLK  261
             PLP+  WLK
Sbjct  1199  PLPDIVWLK  1207


>NP_957186.1 endoplasmic reticulum resident protein 44 [Danio 
rerio]
Length=408

 Score = 32.3 bits (72),  Expect = 1.3, Method: Compositional matrix adjust.
 Identities = 20/88 (23%), Positives = 39/88 (44%), Gaps = 6/88 (7%)

Query  32   PTQHLITEVTTDTFWEVTLRKQDVLLLYYTQWCGFCPSLNHIFIQLARLLPEDT-----F  86
            P +  IT + +    ++       L+ +Y  WC F   L+ IF + + ++ E+       
Sbjct  26   PGRGEITSLDSGNIDDILNGAGVALVNFYADWCRFSQMLHPIFEEASNIVREEYPDATQV  85

Query  87   TVARIDVSQ-NDLPWEFMVDRLPTVLFF  113
               R+D  Q +DL   + + + PT+  F
Sbjct  86   VFGRVDCDQHSDLAQRYRISKYPTLKLF  113


>XP_009293385.1 myomegalin isoform X3 [Danio rerio]
Length=2878

 Score = 32.3 bits (72),  Expect = 1.6, Method: Compositional matrix adjust.
 Identities = 24/77 (31%), Positives = 37/77 (48%), Gaps = 8/77 (10%)

Query  134   NLLRFILHHSDAASAPQDPGISPPTQDCVQSKAV---LQREHISHVENAMQKLRSEMSSL  190
             +L R I+ HS     PQ     P  Q+   SK +   L  EH+  +    Q+L   + + 
Sbjct  2379  DLTRSIIKHS-----PQTQDKQPEKQNTYTSKTINSDLLAEHLQEIRALRQRLEETIRTN  2433

Query  191   RRTQEQVEGRLLSARRD  207
              R +EQ+E +LL A +D
Sbjct  2434  ERLREQLEKKLLEAEKD  2450


>XP_009293389.1 myomegalin isoform X6 [Danio rerio]
Length=2866

 Score = 32.3 bits (72),  Expect = 1.6, Method: Compositional matrix adjust.
 Identities = 24/77 (31%), Positives = 37/77 (48%), Gaps = 8/77 (10%)

Query  134   NLLRFILHHSDAASAPQDPGISPPTQDCVQSKAV---LQREHISHVENAMQKLRSEMSSL  190
             +L R I+ HS     PQ     P  Q+   SK +   L  EH+  +    Q+L   + + 
Sbjct  2367  DLTRSIIKHS-----PQTQDKQPEKQNTYTSKTINSDLLAEHLQEIRALRQRLEETIRTN  2421

Query  191   RRTQEQVEGRLLSARRD  207
              R +EQ+E +LL A +D
Sbjct  2422  ERLREQLEKKLLEAEKD  2438


>XP_009293388.1 myomegalin isoform X5 [Danio rerio]
Length=2871

 Score = 32.3 bits (72),  Expect = 1.6, Method: Compositional matrix adjust.
 Identities = 24/77 (31%), Positives = 37/77 (48%), Gaps = 8/77 (10%)

Query  134   NLLRFILHHSDAASAPQDPGISPPTQDCVQSKAV---LQREHISHVENAMQKLRSEMSSL  190
             +L R I+ HS     PQ     P  Q+   SK +   L  EH+  +    Q+L   + + 
Sbjct  2414  DLTRSIIKHS-----PQTQDKQPEKQNTYTSKTINSDLLAEHLQEIRALRQRLEETIRTN  2468

Query  191   RRTQEQVEGRLLSARRD  207
              R +EQ+E +LL A +D
Sbjct  2469  ERLREQLEKKLLEAEKD  2485


>XP_009293386.1 myomegalin isoform X4 [Danio rerio]
Length=2873

 Score = 32.3 bits (72),  Expect = 1.6, Method: Compositional matrix adjust.
 Identities = 24/77 (31%), Positives = 37/77 (48%), Gaps = 8/77 (10%)

Query  134   NLLRFILHHSDAASAPQDPGISPPTQDCVQSKAV---LQREHISHVENAMQKLRSEMSSL  190
             +L R I+ HS     PQ     P  Q+   SK +   L  EH+  +    Q+L   + + 
Sbjct  2374  DLTRSIIKHS-----PQTQDKQPEKQNTYTSKTINSDLLAEHLQEIRALRQRLEETIRTN  2428

Query  191   RRTQEQVEGRLLSARRD  207
              R +EQ+E +LL A +D
Sbjct  2429  ERLREQLEKKLLEAEKD  2445


>NP_001121836.1 sulfhydryl oxidase 1 [Danio rerio]
Length=778

 Score = 32.0 bits (71),  Expect = 1.7, Method: Compositional matrix adjust.
 Identities = 18/64 (28%), Positives = 31/64 (48%), Gaps = 5/64 (8%)

Query  55   VLLLYYTQWCGFCPSLNHIFIQLARLLPE--DTFTVARIDV---SQNDLPWEFMVDRLPT  109
            +L+ +Y  WCG C + + ++  LAR + E      +A ID    S   +   F +   P+
Sbjct  69   LLVEFYATWCGHCIAFSPVWKSLARDIKEWKPAVDLAAIDCANESNRKVCTNFGITGYPS  128

Query  110  VLFF  113
            + FF
Sbjct  129  IKFF  132


>XP_009293384.1 myomegalin isoform X2 [Danio rerio]
Length=2912

 Score = 32.3 bits (72),  Expect = 1.7, Method: Compositional matrix adjust.
 Identities = 24/77 (31%), Positives = 37/77 (48%), Gaps = 8/77 (10%)

Query  134   NLLRFILHHSDAASAPQDPGISPPTQDCVQSKAV---LQREHISHVENAMQKLRSEMSSL  190
             +L R I+ HS     PQ     P  Q+   SK +   L  EH+  +    Q+L   + + 
Sbjct  2414  DLTRSIIKHS-----PQTQDKQPEKQNTYTSKTINSDLLAEHLQEIRALRQRLEETIRTN  2468

Query  191   RRTQEQVEGRLLSARRD  207
              R +EQ+E +LL A +D
Sbjct  2469  ERLREQLEKKLLEAEKD  2485


>XP_009293383.1 myomegalin isoform X1 [Danio rerio]
Length=2913

 Score = 32.3 bits (72),  Expect = 1.7, Method: Compositional matrix adjust.
 Identities = 24/77 (31%), Positives = 37/77 (48%), Gaps = 8/77 (10%)

Query  134   NLLRFILHHSDAASAPQDPGISPPTQDCVQSKAV---LQREHISHVENAMQKLRSEMSSL  190
             +L R I+ HS     PQ     P  Q+   SK +   L  EH+  +    Q+L   + + 
Sbjct  2414  DLTRSIIKHS-----PQTQDKQPEKQNTYTSKTINSDLLAEHLQEIRALRQRLEETIRTN  2468

Query  191   RRTQEQVEGRLLSARRD  207
              R +EQ+E +LL A +D
Sbjct  2469  ERLREQLEKKLLEAEKD  2485


>XP_021324431.1 myomegalin isoform X7 [Danio rerio]
Length=2841

 Score = 32.0 bits (71),  Expect = 1.8, Method: Compositional matrix adjust.
 Identities = 24/77 (31%), Positives = 37/77 (48%), Gaps = 8/77 (10%)

Query  134   NLLRFILHHSDAASAPQDPGISPPTQDCVQSKAV---LQREHISHVENAMQKLRSEMSSL  190
             +L R I+ HS     PQ     P  Q+   SK +   L  EH+  +    Q+L   + + 
Sbjct  2342  DLTRSIIKHS-----PQTQDKQPEKQNTYTSKTINSDLLAEHLQEIRALRQRLEETIRTN  2396

Query  191   RRTQEQVEGRLLSARRD  207
              R +EQ+E +LL A +D
Sbjct  2397  ERLREQLEKKLLEAEKD  2413


>XP_009293390.1 myomegalin isoform X7 [Danio rerio]
Length=2841

 Score = 32.0 bits (71),  Expect = 1.8, Method: Compositional matrix adjust.
 Identities = 24/77 (31%), Positives = 37/77 (48%), Gaps = 8/77 (10%)

Query  134   NLLRFILHHSDAASAPQDPGISPPTQDCVQSKAV---LQREHISHVENAMQKLRSEMSSL  190
             +L R I+ HS     PQ     P  Q+   SK +   L  EH+  +    Q+L   + + 
Sbjct  2342  DLTRSIIKHS-----PQTQDKQPEKQNTYTSKTINSDLLAEHLQEIRALRQRLEETIRTN  2396

Query  191   RRTQEQVEGRLLSARRD  207
              R +EQ+E +LL A +D
Sbjct  2397  ERLREQLEKKLLEAEKD  2413


>XP_001920501.5 hemicentin-1 [Danio rerio]
Length=4212

 Score = 32.0 bits (71),  Expect = 2.0, Method: Compositional matrix adjust.
 Identities = 17/70 (24%), Positives = 30/70 (43%), Gaps = 0/70 (0%)

Query  190   LRRTQEQVEGRLLSARRDGHRLLRRQRTLEQQHRLLRRHSQKLQALYLKKARELQELARA  249
             + R Q    GR     ++     +R+ T+E Q   +   +  +Q + +   +E+    R 
Sbjct  1398  IYRVQHDHAGRFSCTAQNSAGEAKREYTIEVQAPPVISGTSGVQEVTIMAGQEVDMQCRV  1457

Query  250   SGTPLPEHTW  259
             SG PLP   W
Sbjct  1458  SGRPLPSVEW  1467


>XP_021334263.1 thioredoxin domain-containing protein 6 isoform 
X1 [Danio rerio]
Length=665

 Score = 31.6 bits (70),  Expect = 2.5, Method: Compositional matrix adjust.
 Identities = 27/122 (22%), Positives = 51/122 (42%), Gaps = 6/122 (5%)

Query  40   VTTDTFWEVTLRKQDVLLL-YYTQWCGFCPSLNHIFIQLARLLPEDTFTVARIDVSQNDL  98
            +  D  W   L  + +L++  Y QWCG C ++  +F ++   L ++    A  +    + 
Sbjct  14   INNDEQWSEALALKGLLVVDVYQQWCGPCRAVVGLFRKIKNELGDELLHFATAEADGIEA  73

Query  99   PWEFMVDRLPTVLFFPCNRKDLSVKYPGD--LPITLPNLL---RFILHHSDAASAPQDPG  153
               +     PT LF+        ++ P    L  T+   L   + +L H  A  A +D G
Sbjct  74   LEMYRGKCEPTFLFYAGGELVSVLRGPNAPLLQKTIQEELSNEKNVLEHGGARRAVKDEG  133

Query  154  IS  155
            ++
Sbjct  134  LT  135


>XP_021334262.1 thioredoxin domain-containing protein 6 isoform 
X1 [Danio rerio]
Length=665

 Score = 31.6 bits (70),  Expect = 2.5, Method: Compositional matrix adjust.
 Identities = 27/122 (22%), Positives = 51/122 (42%), Gaps = 6/122 (5%)

Query  40   VTTDTFWEVTLRKQDVLLL-YYTQWCGFCPSLNHIFIQLARLLPEDTFTVARIDVSQNDL  98
            +  D  W   L  + +L++  Y QWCG C ++  +F ++   L ++    A  +    + 
Sbjct  14   INNDEQWSEALALKGLLVVDVYQQWCGPCRAVVGLFRKIKNELGDELLHFATAEADGIEA  73

Query  99   PWEFMVDRLPTVLFFPCNRKDLSVKYPGD--LPITLPNLL---RFILHHSDAASAPQDPG  153
               +     PT LF+        ++ P    L  T+   L   + +L H  A  A +D G
Sbjct  74   LEMYRGKCEPTFLFYAGGELVSVLRGPNAPLLQKTIQEELSNEKNVLEHGGARRAVKDEG  133

Query  154  IS  155
            ++
Sbjct  134  LT  135


>NP_001082944.1 thioredoxin domain-containing protein 6 [Danio 
rerio]
Length=531

 Score = 31.2 bits (69),  Expect = 2.6, Method: Compositional matrix adjust.
 Identities = 27/122 (22%), Positives = 51/122 (42%), Gaps = 6/122 (5%)

Query  40   VTTDTFWEVTLRKQDVLLL-YYTQWCGFCPSLNHIFIQLARLLPEDTFTVARIDVSQNDL  98
            +  D  W   L  + +L++  Y QWCG C ++  +F ++   L ++    A  +    + 
Sbjct  14   INNDEQWSEALALKGLLVVDVYQQWCGPCRAVVGLFRKIKNELGDELLHFATAEADGIEA  73

Query  99   PWEFMVDRLPTVLFFPCNRKDLSVKYPGD--LPITLPNLL---RFILHHSDAASAPQDPG  153
               +     PT LF+        ++ P    L  T+   L   + +L H  A  A +D G
Sbjct  74   LEMYRGKCEPTFLFYAGGELVSVLRGPNAPLLQKTIQEELSNEKNVLEHGGARRAVKDEG  133

Query  154  IS  155
            ++
Sbjct  134  LT  135


>XP_021334265.1 thioredoxin domain-containing protein 6 isoform 
X3 [Danio rerio]
Length=660

 Score = 31.2 bits (69),  Expect = 2.6, Method: Compositional matrix adjust.
 Identities = 27/122 (22%), Positives = 51/122 (42%), Gaps = 6/122 (5%)

Query  40   VTTDTFWEVTLRKQDVLLL-YYTQWCGFCPSLNHIFIQLARLLPEDTFTVARIDVSQNDL  98
            +  D  W   L  + +L++  Y QWCG C ++  +F ++   L ++    A  +    + 
Sbjct  14   INNDEQWSEALALKGLLVVDVYQQWCGPCRAVVGLFRKIKNELGDELLHFATAEADGIEA  73

Query  99   PWEFMVDRLPTVLFFPCNRKDLSVKYPGD--LPITLPNLL---RFILHHSDAASAPQDPG  153
               +     PT LF+        ++ P    L  T+   L   + +L H  A  A +D G
Sbjct  74   LEMYRGKCEPTFLFYAGGELVSVLRGPNAPLLQKTIQEELSNEKNVLEHGGARRAVKDEG  133

Query  154  IS  155
            ++
Sbjct  134  LT  135


>XP_021334264.1 thioredoxin domain-containing protein 6 isoform 
X2 [Danio rerio]
Length=661

 Score = 31.2 bits (69),  Expect = 2.7, Method: Compositional matrix adjust.
 Identities = 27/122 (22%), Positives = 51/122 (42%), Gaps = 6/122 (5%)

Query  40   VTTDTFWEVTLRKQDVLLL-YYTQWCGFCPSLNHIFIQLARLLPEDTFTVARIDVSQNDL  98
            +  D  W   L  + +L++  Y QWCG C ++  +F ++   L ++    A  +    + 
Sbjct  14   INNDEQWSEALALKGLLVVDVYQQWCGPCRAVVGLFRKIKNELGDELLHFATAEADGIEA  73

Query  99   PWEFMVDRLPTVLFFPCNRKDLSVKYPGD--LPITLPNLL---RFILHHSDAASAPQDPG  153
               +     PT LF+        ++ P    L  T+   L   + +L H  A  A +D G
Sbjct  74   LEMYRGKCEPTFLFYAGGELVSVLRGPNAPLLQKTIQEELSNEKNVLEHGGARRAVKDEG  133

Query  154  IS  155
            ++
Sbjct  134  LT  135


>XP_021334746.1 titin isoform X1 [Danio rerio]
Length=28035

 Score = 31.2 bits (69),  Expect = 3.3, Method: Composition-based stats.
 Identities = 18/65 (28%), Positives = 35/65 (54%), Gaps = 1/65 (2%)

Query  198   EGRLLSARRDGHRLLRRQRTLEQQHRLLR-RHSQKLQALYLKKARELQELARASGTPLPE  256
             E  +++  R G   +    T+E +  L+R +  +KL+ + +K+   ++   +A G PLP+
Sbjct  952   EWTVVAQNRAGKTTVSMTLTVEAKENLVRPQFVEKLRNISVKEGTLVELAVKAIGNPLPD  1011

Query  257   HTWLK  261
               WLK
Sbjct  1012  IVWLK  1016


>XP_003199098.1 keratin, type II cytoskeletal 8 [Danio rerio]
Length=376

 Score = 30.4 bits (67),  Expect = 4.0, Method: Compositional matrix adjust.
 Identities = 27/102 (26%), Positives = 51/102 (50%), Gaps = 10/102 (10%)

Query  173  ISHVENAMQKLRSEMSSLRRTQEQVEGRLLSARRDGHRLLRRQRTLEQQHRLLRRHSQKL  232
            I  ++  +Q+L+++++S +   + VE ++  A RDG   +       +Q RLL    QK 
Sbjct  279  IDELKRKIQRLQNDITSAKSQCDNVEEKIKEAERDGEEAV---LDATEQIRLLEEALQKA  335

Query  233  QALYLKKARELQELARASGTPLPEHTWLKILVATMERELEGQ  274
            +    ++ R+ QEL       +     L I +AT ++ LEG+
Sbjct  336  KKEMARQLRDYQEL-------MNLKLALDIEIATYKKLLEGE  370


>XP_005173719.1 transcriptional coactivator YAP1 isoform X1 [Danio 
rerio]
Length=404

 Score = 29.6 bits (65),  Expect = 9.0, Method: Compositional matrix adjust.
 Identities = 31/127 (24%), Positives = 57/127 (45%), Gaps = 15/127 (12%)

Query  121  SVKYPGDLPI-------TLPNLLRFILHHSDAASAPQDP--GISPPTQDCVQSKAVLQRE  171
            S + P D+P+         P+  R+ L+H+D  +  QDP   +    Q    S   +Q++
Sbjct  119  SYEIPDDMPLPPGWEMAKTPSGQRYFLNHNDQTTTWQDPRKALLQMNQAAPASPVPVQQQ  178

Query  172  HISHVENAMQKLRSEMSSLRRTQEQVEGRLLSARRDGHRLLRRQRTLEQQHR------LL  225
            +I +  +AM + R   S+  +   Q+     S    G+  +R Q+   ++ R      LL
Sbjct  179  NIMNPASAMNQQRISQSAPVKQGSQLPSSPQSGVMSGNNPIRLQQIHIEKERLRIKQELL  238

Query  226  RRHSQKL  232
            R+  Q+L
Sbjct  239  RQRPQEL  245


>XP_009294942.1 neural cell adhesion molecule L1-like protein 
isoform X2 [Danio rerio]
Length=1298

 Score = 29.6 bits (65),  Expect = 9.5, Method: Compositional matrix adjust.
 Identities = 13/27 (48%), Positives = 16/27 (59%), Gaps = 0/27 (0%)

Query  236  YLKKARELQELARASGTPLPEHTWLKI  262
            +LKK  EL+    A G P PE  W+KI
Sbjct  255  FLKKGEELELECIAEGLPTPEVEWIKI  281


>XP_021325513.1 neural cell adhesion molecule L1-like protein 
isoform X1 [Danio rerio]
Length=1310

 Score = 29.6 bits (65),  Expect = 9.8, Method: Compositional matrix adjust.
 Identities = 13/27 (48%), Positives = 16/27 (59%), Gaps = 0/27 (0%)

Query  236  YLKKARELQELARASGTPLPEHTWLKI  262
            +LKK  EL+    A G P PE  W+KI
Sbjct  255  FLKKGEELELECIAEGLPTPEVEWIKI  281



Lambda      K        H        a         alpha
   0.319    0.133    0.395    0.792     4.96 

Gapped
Lambda      K        H        a         alpha    sigma
   0.267   0.0410    0.140     1.90     42.6     43.6 

Effective search space used: 7096454280


Query= NP_001230020.1 uncharacterized protein LOC381272 isoform 2 [Mus
musculus]

Length=78
                                                                      Score     E
Sequences producing significant alignments:                          (Bits)  Value

XP_021331595.1 protein-lysine methyltransferase METTL21C-like iso...  27.3    2.5  
NP_001013552.2 WD repeat and coiled-coil-containing protein [Dani...  26.9    3.9  


>XP_021331595.1 protein-lysine methyltransferase METTL21C-like 
isoform X3 [Danio rerio]
Length=452

 Score = 27.3 bits (59),  Expect = 2.5, Method: Composition-based stats.
 Identities = 15/38 (39%), Positives = 20/38 (53%), Gaps = 1/38 (3%)

Query  10   LREDVISLLMPEEKAGNTGVIGAISPMLTSNWRRPSPN  47
            L   +I+LL  +E  GN    G+ S     NW +PSPN
Sbjct  404  LLSSIITLLGTQEDGGNMSH-GSQSFSGVKNWTKPSPN  440


>NP_001013552.2 WD repeat and coiled-coil-containing protein [Danio 
rerio]
Length=730

 Score = 26.9 bits (58),  Expect = 3.9, Method: Compositional matrix adjust.
 Identities = 10/26 (38%), Positives = 16/26 (62%), Gaps = 0/26 (0%)

Query  38   TSNWRRPSPNHGARDQTQNFTNDDSM  63
            T+    PS +HG R  ++NFT +D +
Sbjct  451  TTKSESPSQHHGIRRHSENFTKEDRL  476



Lambda      K        H        a         alpha
   0.315    0.132    0.395    0.792     4.96 

Gapped
Lambda      K        H        a         alpha    sigma
   0.267   0.0410    0.140     1.90     42.6     43.6 

Effective search space used: 968509899


Query= NP_001153406.1 2'-5' oligoadenylate synthetase 1H isoform 2 [Mus
musculus]

Length=160
                                                                      Score     E
Sequences producing significant alignments:                          (Bits)  Value

NP_001103749.1 histone-lysine N-methyltransferase 2A [Danio rerio]    31.6    0.69 
XP_005157640.1 histone-lysine N-methyltransferase 2A isoform X1 [...  30.4    1.8  
XP_001339587.2 uncharacterized protein si:ch211-150o23.3 [Danio r...  29.6    2.1  
XP_021334071.1 uncharacterized protein si:ch211-150o23.3 [Danio r...  29.6    2.3  
NP_001002131.1 26S proteasome non-ATPase regulatory subunit 8 [Da...  28.5    4.9  
XP_021336559.1 nesprin-2 isoform X2 [Danio rerio]                     28.5    6.8  
XP_021336558.1 nesprin-2 isoform X1 [Danio rerio]                     28.5    7.1  


>NP_001103749.1 histone-lysine N-methyltransferase 2A [Danio rerio]
Length=4218

 Score = 31.6 bits (70),  Expect = 0.69, Method: Composition-based stats.
 Identities = 17/42 (40%), Positives = 22/42 (52%), Gaps = 0/42 (0%)

Query  95    CFDDQFKLQKEVIEEIQKHLCQFQQEKRLREKFKVQSSDQPN  136
             C DD F+++ E IEE +K L    QE R   + K  S D  N
Sbjct  3923  CSDDGFQIRCESIEEARKSLTDKVQEARSNARLKALSFDGVN  3964


>XP_005157640.1 histone-lysine N-methyltransferase 2A isoform 
X1 [Danio rerio]
Length=4219

 Score = 30.4 bits (67),  Expect = 1.8, Method: Composition-based stats.
 Identities = 17/42 (40%), Positives = 21/42 (50%), Gaps = 0/42 (0%)

Query  95    CFDDQFKLQKEVIEEIQKHLCQFQQEKRLREKFKVQSSDQPN  136
             C DD F+++ E IEE  K L    QE R   + K  S D  N
Sbjct  3924  CSDDGFQIRCESIEEAWKSLTDKVQEARSNARLKALSFDGVN  3965


>XP_001339587.2 uncharacterized protein si:ch211-150o23.3 [Danio 
rerio]
Length=400

 Score = 29.6 bits (65),  Expect = 2.1, Method: Compositional matrix adjust.
 Identities = 19/84 (23%), Positives = 38/84 (45%), Gaps = 20/84 (24%)

Query  88   VFFNNLTCFDDQFKLQKEVIE-EIQKHLCQFQQEK-------------RLREKFKVQSSD  133
            V + ++ C  D+F L  ++ E  + +H+C   Q+               +  +F   SS 
Sbjct  92   VLWRDVKCSGDEFAL--DLCERSLNEHVCTHSQDAGVECTGKLPAPTLSIHSRFNAYSSG  149

Query  134  QPNFRSVSFKLSYPKFQQEVEFHM  157
            +    +V FK + P +Q  ++FH+
Sbjct  150  E----AVQFKCTAPYWQSVIDFHL  169


>XP_021334071.1 uncharacterized protein si:ch211-150o23.3 [Danio 
rerio]
Length=400

 Score = 29.6 bits (65),  Expect = 2.3, Method: Compositional matrix adjust.
 Identities = 19/84 (23%), Positives = 38/84 (45%), Gaps = 20/84 (24%)

Query  88   VFFNNLTCFDDQFKLQKEVIE-EIQKHLCQFQQEK-------------RLREKFKVQSSD  133
            V + ++ C  D+F L  ++ E  + +H+C   Q+               +  +F   SS 
Sbjct  92   VLWRDVKCSGDEFAL--DLCERSLNEHVCTHSQDAGVECTGKLPAPTLSIHSRFNAYSSG  149

Query  134  QPNFRSVSFKLSYPKFQQEVEFHM  157
            +    +V FK + P +Q  ++FH+
Sbjct  150  E----AVQFKCTAPYWQSVIDFHL  169


>NP_001002131.1 26S proteasome non-ATPase regulatory subunit 8 
[Danio rerio]
Length=267

 Score = 28.5 bits (62),  Expect = 4.9, Method: Compositional matrix adjust.
 Identities = 11/32 (34%), Positives = 18/32 (56%), Gaps = 0/32 (0%)

Query  59   HPMRVSRVVMGGSYNRYTVLKGRSEVDLLVFF  90
            HP+ + + +M GSYN+  + KG    +   FF
Sbjct  145  HPVSLEQYLMEGSYNKVFLAKGNIPAESYTFF  176


>XP_021336559.1 nesprin-2 isoform X2 [Danio rerio]
Length=9807

 Score = 28.5 bits (62),  Expect = 6.8, Method: Compositional matrix adjust.
 Identities = 16/58 (28%), Positives = 28/58 (48%), Gaps = 5/58 (9%)

Query  67   VMGGSYNRYT-----VLKGRSEVDLLVFFNNLTCFDDQFKLQKEVIEEIQKHLCQFQQ  119
            V+ GS   YT     ++K   +VDL     +L C  +     ++ I E+ + LC+ +Q
Sbjct  753  VVSGSLRTYTKRLQLMMKKIKDVDLEAIIPSLDCSPETLSKLQQAIPEVLQTLCEAEQ  810


>XP_021336558.1 nesprin-2 isoform X1 [Danio rerio]
Length=9853

 Score = 28.5 bits (62),  Expect = 7.1, Method: Compositional matrix adjust.
 Identities = 16/58 (28%), Positives = 28/58 (48%), Gaps = 5/58 (9%)

Query  67   VMGGSYNRYT-----VLKGRSEVDLLVFFNNLTCFDDQFKLQKEVIEEIQKHLCQFQQ  119
            V+ GS   YT     ++K   +VDL     +L C  +     ++ I E+ + LC+ +Q
Sbjct  752  VVSGSLRTYTKRLQLMMKKIKDVDLEAIIPSLDCSPETLSKLQQAIPEVLQTLCEAEQ  809



Lambda      K        H        a         alpha
   0.324    0.135    0.396    0.792     4.96 

Gapped
Lambda      K        H        a         alpha    sigma
   0.267   0.0410    0.140     1.90     42.6     43.6 

Effective search space used: 2033147629


  Database: zebrafish.1.protein.faa
    Posted date:  Nov 29, 2023  10:24 PM
  Number of letters in database: 38,569,963
  Number of sequences in database:  52,926



Matrix: BLOSUM62
Gap Penalties: Existence: 11, Extension: 1
Neighboring words threshold: 11
Window for multiple hits: 40
ubuntu@ip-172-31-23-99:~/work$ blastp -query mm-first.fa -db zebrafish.1.protein.faa -out mm-first.x.zebrafish.txt
ubuntu@ip-172-31-23-99:~/work$ less mm-first.x.zebrafish.txt
ubuntu@ip-172-31-23-99:~/work$ 
ubuntu@ip-172-31-23-99:~/work$ 
ubuntu@ip-172-31-23-99:~/work$ 
ubuntu@ip-172-31-23-99:~/work$ 
ubuntu@ip-172-31-23-99:~/work$ 
ubuntu@ip-172-31-23-99:~/work$ head -497 mouse.1.protein.faa > mm-second.fa
ubuntu@ip-172-31-23-99:~/work$ blastp -query mm-second.fa -db zebrafish.1.protein.faa -out mm-second.x.zebrafish.txt

ubuntu@ip-172-31-23-99:~/work$ 
ubuntu@ip-172-31-23-99:~/work$ less mm-second.x.zebrafish.txt
ubuntu@ip-172-31-23-99:~/work$ blastp -query mm-second.fa -db zebrafish.1.protein.faa -out mm-second.x.zebrafish.tsv -outfmt 6
ubuntu@ip-172-31-23-99:~/work$ less mm-second.x.zebrafish.tsv
ubuntu@ip-172-31-23-99:~/work$ 
ubuntu@ip-172-31-23-99:~/work$ 
ubuntu@ip-172-31-23-99:~/work$ 
ubuntu@ip-172-31-23-99:~/work$ 
ubuntu@ip-172-31-23-99:~/work$ 
ubuntu@ip-172-31-23-99:~/work$ ls
mm-first.fa                mouse.1.protein.faa          zebrafish.1.protein.faa.pin
mm-first.x.zebrafish.txt   mouse.2.protein.faa          zebrafish.1.protein.faa.pot
mm-second.fa               zebrafish.1.protein.faa      zebrafish.1.protein.faa.psq
mm-second.x.zebrafish.tsv  zebrafish.1.protein.faa.pdb  zebrafish.1.protein.faa.ptf
mm-second.x.zebrafish.txt  zebrafish.1.protein.faa.phr  zebrafish.1.protein.faa.pto
ubuntu@ip-172-31-23-99:~/work$ cd ~/
ubuntu@ip-172-31-23-99:~$ 
ubuntu@ip-172-31-23-99:~$ 
ubuntu@ip-172-31-23-99:~$ 
ubuntu@ip-172-31-23-99:~$ 
ubuntu@ip-172-31-23-99:~$ 
ubuntu@ip-172-31-23-99:~$ 
ubuntu@ip-172-31-23-99:~$ 
ubuntu@ip-172-31-23-99:~$ 
ubuntu@ip-172-31-23-99:~$ pwd
/home/ubuntu
ubuntu@ip-172-31-23-99:~$ cd
ubuntu@ip-172-31-23-99:~$ cd ~/
ubuntu@ip-172-31-23-99:~$ 
ubuntu@ip-172-31-23-99:~$ 
ubuntu@ip-172-31-23-99:~$ cd
ubuntu@ip-172-31-23-99:~$ 
ubuntu@ip-172-31-23-99:~$ 
ubuntu@ip-172-31-23-99:~$ 
ubuntu@ip-172-31-23-99:~$ 
ubuntu@ip-172-31-23-99:~$ exit
logout
Connection to ec2-34-216-186-139.us-west-2.compute.amazonaws.com closed.
alexanderyueliu@Alexs-MacBook-Pro Downloads % cd
alexanderyueliu@Alexs-MacBook-Pro ~ % \
> 
alexanderyueliu@Alexs-MacBook-Pro ~ % 
alexanderyueliu@Alexs-MacBook-Pro ~ % 
alexanderyueliu@Alexs-MacBook-Pro ~ % 
alexanderyueliu@Alexs-MacBook-Pro ~ % cd ~/Desktop      
alexanderyueliu@Alexs-MacBook-Pro Desktop % ls
class17
alexanderyueliu@Alexs-MacBook-Pro Desktop % cd class17
alexanderyueliu@Alexs-MacBook-Pro class17 % scp -i ~/Downloads/bioinf_alexanderyliu.pem ubuntu@ip-172-31-23-99:~/work/mm-second.x.zebrafish.tsv . 
ssh: Could not resolve hostname ip-172-31-23-99: nodename nor servname provided, or not known
scp: Connection closed
alexanderyueliu@Alexs-MacBook-Pro class17 % scp -i ~/Downloads/bioinf_alexanderyliu.pem ubuntu@ip-172-31-23-99:~/work/mm-second.x.zebrafish.tsv 
usage: scp [-346ABCOpqRrsTv] [-c cipher] [-D sftp_server_path] [-F ssh_config]
           [-i identity_file] [-J destination] [-l limit] [-o ssh_option]
           [-P port] [-S program] [-X sftp_option] source ... target
alexanderyueliu@Alexs-MacBook-Pro class17 % ls
my_text_file.txt
alexanderyueliu@Alexs-MacBook-Pro class17 % scp -i ~/Downloads/bioinf_alexanderyliu.pem ubuntu@ip-172-31-23-99:~/work/mm-second.x.zebrafish.tsv
usage: scp [-346ABCOpqRrsTv] [-c cipher] [-D sftp_server_path] [-F ssh_config]
           [-i identity_file] [-J destination] [-l limit] [-o ssh_option]
           [-P port] [-S program] [-X sftp_option] source ... target
alexanderyueliu@Alexs-MacBook-Pro class17 % scp -i ~/Downloads/bioinf_alexanderyliu.pem ubuntu@ip-172-31-23-99:~/work/mm-second.x.zebrafish.tsv .
ssh: Could not resolve hostname ip-172-31-23-99: nodename nor servname provided, or not known
scp: Connection closed
alexanderyueliu@Alexs-MacBook-Pro class17 % ssh -i "bioinf_alexanderyliu.pem" ubuntu@ec2-34-216-186-139.us-west-2.compute.amazonaws.com
Warning: Identity file bioinf_alexanderyliu.pem not accessible: No such file or directory.
ubuntu@ec2-34-216-186-139.us-west-2.compute.amazonaws.com: Permission denied (publickey).
alexanderyueliu@Alexs-MacBook-Pro class17 % cd        
alexanderyueliu@Alexs-MacBook-Pro ~ % cd Downloads 
alexanderyueliu@Alexs-MacBook-Pro Downloads % ssh -i "bioinf_alexanderyliu.pem" ubuntu@ec2-34-216-186-139.us-west-2.compute.amazonaws.com
Welcome to Ubuntu 22.04.3 LTS (GNU/Linux 6.2.0-1012-aws x86_64)

 * Documentation:  https://help.ubuntu.com
 * Management:     https://landscape.canonical.com
 * Support:        https://ubuntu.com/advantage

  System information as of Wed Nov 29 22:41:30 UTC 2023

  System load:  0.0               Processes:             151
  Usage of /:   7.0% of 28.89GB   Users logged in:       0
  Memory usage: 1%                IPv4 address for ens5: 172.31.23.99
  Swap usage:   0%


Expanded Security Maintenance for Applications is not enabled.

76 updates can be applied immediately.
48 of these updates are standard security updates.
To see these additional updates run: apt list --upgradable

Enable ESM Apps to receive additional future security updates.
See https://ubuntu.com/esm or run: sudo pro status


Last login: Wed Nov 29 22:19:58 2023 from 128.54.44.49
ubuntu@ip-172-31-23-99:~$ 
ubuntu@ip-172-31-23-99:~$ 
ubuntu@ip-172-31-23-99:~$ 
ubuntu@ip-172-31-23-99:~$ 
ubuntu@ip-172-31-23-99:~$ 
ubuntu@ip-172-31-23-99:~$ 
ubuntu@ip-172-31-23-99:~$ 
ubuntu@ip-172-31-23-99:~$ 
ubuntu@ip-172-31-23-99:~$ 
